[0.010s][info][gc] Using G1
[0.012s][info][gc,init] Version: 17+35 (release)
[0.012s][info][gc,init] CPUs: 8 total, 8 available
[0.012s][info][gc,init] Memory: 8073M
[0.012s][info][gc,init] Large Page Support: Disabled
[0.012s][info][gc,init] NUMA Support: Disabled
[0.012s][info][gc,init] Compressed Oops: Enabled (32-bit)
[0.012s][info][gc,init] Heap Region Size: 1M
[0.012s][info][gc,init] Heap Min Capacity: 8M
[0.012s][info][gc,init] Heap Initial Capacity: 128M
[0.012s][info][gc,init] Heap Max Capacity: 1G
[0.012s][info][gc,init] Pre-touch: Disabled
[0.012s][info][gc,init] Parallel Workers: 8
[0.013s][info][gc,init] Concurrent Workers: 2
[0.013s][info][gc,init] Concurrent Refinement Workers: 8
[0.013s][info][gc,init] Periodic GC: Disabled
[0.013s][info][gc,metaspace] CDS archive(s) not mapped
[0.013s][info][gc,metaspace] Compressed class space mapped at: 0x0000000100000000-0x0000000140000000, reserved size: 1073741824
[0.013s][info][gc,metaspace] Narrow klass base: 0x0000000000000000, Narrow klass shift: 3, Narrow klass range: 0x140000000
[0.430s][info][gc,task     ] GC(0) Using 3 workers of 8 for full compaction
[0.430s][info][gc,start    ] GC(0) Pause Full (System.gc())
[0.430s][info][gc,phases,start] GC(0) Phase 1: Mark live objects
[0.433s][info][gc,phases      ] GC(0) Phase 1: Mark live objects 2.327ms
[0.433s][info][gc,phases,start] GC(0) Phase 2: Prepare for compaction
[0.434s][info][gc,phases      ] GC(0) Phase 2: Prepare for compaction 0.742ms
[0.434s][info][gc,phases,start] GC(0) Phase 3: Adjust pointers
[0.435s][info][gc,phases      ] GC(0) Phase 3: Adjust pointers 0.970ms
[0.435s][info][gc,phases,start] GC(0) Phase 4: Compact heap
[0.436s][info][gc,phases      ] GC(0) Phase 4: Compact heap 1.894ms
[0.438s][info][gc,heap        ] GC(0) Eden regions: 15->0(8)
[0.438s][info][gc,heap        ] GC(0) Survivor regions: 0->0(0)
[0.438s][info][gc,heap        ] GC(0) Old regions: 0->8
[0.438s][info][gc,heap        ] GC(0) Archive regions: 0->0
[0.438s][info][gc,heap        ] GC(0) Humongous regions: 0->0
[0.438s][info][gc,metaspace   ] GC(0) Metaspace: 10882K(11072K)->10882K(11072K) NonClass: 9864K(9920K)->9864K(9920K) Class: 1017K(1152K)->1017K(1152K)
[0.438s][info][gc             ] GC(0) Pause Full (System.gc()) 14M->6M(27M) 7.417ms
[0.438s][info][gc,cpu         ] GC(0) User=0.00s Sys=0.00s Real=0.01s
[0.730s][info][gc,task        ] GC(1) Using 2 workers of 8 for full compaction
[0.731s][info][gc,start       ] GC(1) Pause Full (System.gc())
[0.731s][info][gc,phases,start] GC(1) Phase 1: Mark live objects
[0.733s][info][gc,phases      ] GC(1) Phase 1: Mark live objects 2.516ms
[0.733s][info][gc,phases,start] GC(1) Phase 2: Prepare for compaction
[0.734s][info][gc,phases      ] GC(1) Phase 2: Prepare for compaction 0.472ms
[0.734s][info][gc,phases,start] GC(1) Phase 3: Adjust pointers
[0.735s][info][gc,phases      ] GC(1) Phase 3: Adjust pointers 1.127ms
[0.735s][info][gc,phases,start] GC(1) Phase 4: Compact heap
[0.735s][info][gc,phases      ] GC(1) Phase 4: Compact heap 0.657ms
[0.736s][info][gc,heap        ] GC(1) Eden regions: 4->0(7)
[0.736s][info][gc,heap        ] GC(1) Survivor regions: 0->0(0)
[0.736s][info][gc,heap        ] GC(1) Old regions: 8->9
[0.736s][info][gc,heap        ] GC(1) Archive regions: 0->0
[0.736s][info][gc,heap        ] GC(1) Humongous regions: 0->0
[0.736s][info][gc,metaspace   ] GC(1) Metaspace: 13416K(13632K)->13416K(13632K) NonClass: 12156K(12288K)->12156K(12288K) Class: 1259K(1344K)->1259K(1344K)
[0.736s][info][gc             ] GC(1) Pause Full (System.gc()) 9M->7M(27M) 5.724ms
[0.736s][info][gc,cpu         ] GC(1) User=0.00s Sys=0.00s Real=0.01s
[0.915s][info][gc,heap,exit   ] Heap
[0.915s][info][gc,heap,exit   ]  garbage-first heap   total 27648K, used 8346K [0x00000000c0000000, 0x0000000100000000)
[0.915s][info][gc,heap,exit   ]   region size 1024K, 2 young (2048K), 0 survivors (0K)
[0.915s][info][gc,heap,exit   ]  Metaspace       used 13457K, committed 13632K, reserved 1064960K
[0.915s][info][gc,heap,exit   ]   class space    used 1263K, committed 1344K, reserved 1048576K
